// Jest Snapshot v1, https://goo.gl/fbAQLP

exports[`Exam Card render should render correctly 1`] = `
<div
  class="chakra-card css-4sdy7u"
  data-testid="exam-card"
>
  <div
    class="chakra-card__header css-1835qdw"
  >
    <div
      class="chakra-stack css-1oeb4ru"
    >
      <div
        class="css-1shb4p1"
      >
        1
      </div>
      <div
        class="css-vvmdg6"
      >
        <svg
          fill="none"
          height="24"
          viewBox="0 0 24 24"
          width="24"
          xmlns="http://www.w3.org/2000/svg"
        >
          <path
            d="M14.9344 23.1378C13.6449 23.1335 12.6017 22.0873 12.6011 20.7978V18.4567H14.9344C16.2274 18.4567 17.2755 19.5048 17.2755 20.7978C17.2755 22.0907 16.2274 23.1389 14.9344 23.1389V23.1378ZM9.06555 23.1378C7.77606 23.1335 6.73282 22.0873 6.73222 20.7978V14.9378C6.73222 14.1028 7.17769 13.3312 7.90083 12.9137C8.62397 12.4962 9.51491 12.4962 10.238 12.9137C10.9612 13.3312 11.4067 14.1028 11.4067 14.9378V20.7978C11.406 22.0903 10.3581 23.1378 9.06555 23.1378ZM20.7878 17.2789H14.9344C13.6418 17.2789 12.5939 16.231 12.5939 14.9383C12.5939 13.6457 13.6418 12.5978 14.9344 12.5978H20.7878C22.0804 12.5978 23.1283 13.6457 23.1283 14.9383C23.1283 16.231 22.0804 17.2789 20.7878 17.2789ZM3.21333 17.2789C1.92067 17.2789 0.872772 16.231 0.872772 14.9383C0.872772 13.6457 1.92067 12.5978 3.21333 12.5978H5.54666V14.9378C5.54666 16.2299 4.49986 17.2777 3.20777 17.2789H3.21333ZM20.7878 11.4022H18.4544V9.06223C18.4581 7.77444 19.5044 6.73312 20.7922 6.73556C22.08 6.73802 23.1223 7.78332 23.1211 9.07111C23.1199 10.3589 22.0756 11.4022 20.7878 11.4022ZM14.9344 11.4022C13.6449 11.3979 12.6017 10.3517 12.6011 9.06223V3.20223C12.6011 2.36722 13.0466 1.59564 13.7697 1.17814C14.4929 0.760631 15.3838 0.760631 16.1069 1.17814C16.8301 1.59564 17.2755 2.36722 17.2755 3.20223V9.06223C17.2749 10.3548 16.227 11.4022 14.9344 11.4022ZM9.06555 11.4022H3.21333C1.92067 11.4022 0.872772 10.3543 0.872772 9.06168C0.872772 7.76902 1.92067 6.72112 3.21333 6.72112H9.06555C10.3582 6.72112 11.4061 7.76902 11.4061 9.06168C11.4061 10.3543 10.3582 11.4022 9.06555 11.4022ZM11.3989 5.54335H9.06555C8.11861 5.54604 7.26339 4.97775 6.89903 4.10371C6.53468 3.22966 6.73303 2.22218 7.4015 1.55148C8.06998 0.880771 9.07679 0.679071 9.95205 1.04051C10.8273 1.40196 11.3984 2.25528 11.3989 3.20223V5.54223V5.54335Z"
            fill="white"
          />
        </svg>
      </div>
    </div>
  </div>
  <div
    class="chakra-card__body css-1vys869"
  >
    <p
      class="chakra-text css-53hotv"
    >
      Lorem ipsum dolor sit amet, consectetu
    </p>
    <div
      class="chakra-stack css-gv9ozg"
    >
      <svg
        fill="none"
        height="24"
        viewBox="0 0 24 24"
        width="24"
        xmlns="http://www.w3.org/2000/svg"
      >
        <path
          d="M12 21.3184C17.1464 21.3184 21.3184 17.1464 21.3184 12C21.3184 6.85357 17.1464 2.68156 12 2.68156C6.85357 2.68156 2.68156 6.85357 2.68156 12C2.68156 17.1464 6.85357 21.3184 12 21.3184Z"
          fill="black"
        />
        <path
          clip-rule="evenodd"
          d="M24 12C24 18.6274 18.6274 24 12 24C5.37258 24 0 18.6274 0 12C0 5.37258 5.37258 0 12 0C18.6274 0 24 5.37258 24 12ZM22.6592 12C22.6592 17.8869 17.8869 22.6592 12 22.6592C6.11308 22.6592 1.34078 17.8869 1.34078 12C1.34078 6.11308 6.11308 1.34078 12 1.34078C17.8869 1.34078 22.6592 6.11308 22.6592 12Z"
          fill="black"
          fill-rule="evenodd"
        />
        <path
          d="M11.4846 6.80791C11.668 6.43628 12.1979 6.43628 12.3813 6.80791L13.6292 9.33644C13.7021 9.48402 13.8429 9.5863 14.0057 9.60997L16.7961 10.0154C17.2062 10.075 17.37 10.579 17.0732 10.8683L15.0541 12.8365C14.9362 12.9513 14.8824 13.1168 14.9103 13.279L15.3869 16.0582C15.457 16.4666 15.0283 16.7781 14.6614 16.5853L12.1656 15.2731C12.02 15.1966 11.846 15.1966 11.7003 15.2731L9.20448 16.5853C8.83766 16.7781 8.40895 16.4666 8.479 16.0582L8.95566 13.279C8.98348 13.1168 8.9297 12.9513 8.81186 12.8365L6.7927 10.8683C6.49595 10.579 6.6597 10.075 7.06981 10.0154L9.86022 9.60997C10.0231 9.5863 10.1639 9.48402 10.2367 9.33644L11.4846 6.80791Z"
          fill="#FFEBAB"
        />
      </svg>
      <p
        class="chakra-text css-1iqv7ej"
      >
        2
      </p>
    </div>
    <div
      class="chakra-stack css-84zodg"
    >
      <svg
        fill="none"
        height="16"
        viewBox="0 0 18 16"
        width="18"
        xmlns="http://www.w3.org/2000/svg"
      >
        <path
          d="M6.50002 0.5C4.19883 0.5 2.33335 2.36548 2.33335 4.66667C2.33335 6.96785 4.19883 8.83333 6.50002 8.83333C8.80121 8.83333 10.6667 6.96785 10.6667 4.66667C10.6667 2.36548 8.80121 0.5 6.50002 0.5ZM4.00002 4.66667C4.00002 3.28595 5.11931 2.16667 6.50002 2.16667C7.88073 2.16667 9.00002 3.28595 9.00002 4.66667C9.00002 6.04738 7.88073 7.16667 6.50002 7.16667C5.11931 7.16667 4.00002 6.04738 4.00002 4.66667Z"
          fill="#4D4D4D"
        />
        <path
          d="M13.0904 4.84857C12.8559 4.72903 12.5965 4.66672 12.3334 4.66672V3.00005C12.8597 3.00005 13.3785 3.12464 13.8474 3.36371C13.8991 3.39004 13.95 3.41768 14 3.44658C14.4045 3.68011 14.756 3.99641 15.0311 4.37546C15.3403 4.80143 15.5441 5.29456 15.6261 5.81447C15.708 6.33439 15.6656 6.86631 15.5025 7.36671C15.3393 7.86711 15.0599 8.32176 14.6873 8.69344C14.3146 9.06513 13.8593 9.34328 13.3584 9.50514C12.9128 9.64917 12.4424 9.69746 11.978 9.64767C11.9205 9.64151 11.8631 9.63384 11.8059 9.62467C11.2865 9.54143 10.7943 9.33648 10.3693 9.02658L10.3684 9.02594L11.3509 7.67964C11.5635 7.83476 11.8098 7.93731 12.0696 7.97895C12.3295 8.02059 12.5955 8.00011 12.8459 7.91919C13.0963 7.83826 13.324 7.69919 13.5103 7.51335C13.6966 7.32752 13.8363 7.1002 13.9179 6.85001C13.9994 6.59981 14.0206 6.33386 13.9797 6.07391C13.9387 5.81396 13.8368 5.56741 13.6822 5.35443C13.5276 5.14145 13.3248 4.9681 13.0904 4.84857Z"
          fill="#4D4D4D"
        />
        <path
          d="M15.6651 15.5C15.6651 15.0625 15.5789 14.6292 15.4115 14.225C15.2441 13.8208 14.9986 13.4535 14.6893 13.1441C14.3799 12.8347 14.0126 12.5893 13.6084 12.4219C13.2041 12.2544 12.7709 12.1682 12.3334 12.1682V10.5C12.9018 10.5 13.4653 10.5969 14 10.786C14.083 10.8153 14.1653 10.8468 14.2468 10.8806C14.8534 11.1319 15.4046 11.5002 15.8689 11.9645C16.3332 12.4288 16.7015 12.98 16.9528 13.5866C16.9865 13.6681 17.0181 13.7504 17.0474 13.8333C17.2364 14.368 17.3334 14.9316 17.3334 15.5H15.6651Z"
          fill="#4D4D4D"
        />
        <path
          d="M12.3334 15.5H10.6667C10.6667 13.1988 8.80121 11.3333 6.50002 11.3333C4.19883 11.3333 2.33335 13.1988 2.33335 15.5H0.666687C0.666687 12.2783 3.27836 9.66667 6.50002 9.66667C9.72168 9.66667 12.3334 12.2783 12.3334 15.5Z"
          fill="#4D4D4D"
        />
      </svg>
      <b
        class="chakra-text css-13pzcpe"
      >
        1024
      </b>
      <p
        class="chakra-text css-1e3rjkh"
      >
        already enrolled
      </p>
    </div>
  </div>
  <div
    class="chakra-card__footer css-1edy0g7"
    data-testid="footer-initial"
  >
    <div
      class="css-1puywlt"
    >
      <p
        class="chakra-text css-0"
      >
        Created by
      </p>
      <b
        class="chakra-text css-0"
      >
        Jame Rodriguez
      </b>
      <p
        class="chakra-text css-0"
      >
        8:00 AM - 21 Dec, 2022
      </p>
    </div>
  </div>
</div>
`;
